Archive member included because of file (symbol)

C:\CooCox\gcc\arm-none-eabi\lib\armv7-m\libm.a(lib_a-s_cos.o)
                              ..\obj\hmc5883.o (cos)
C:\CooCox\gcc\arm-none-eabi\lib\armv7-m\libm.a(lib_a-s_sin.o)
                              ..\obj\hmc5883.o (sin)
C:\CooCox\gcc\arm-none-eabi\lib\armv7-m\libm.a(lib_a-w_asin.o)
                              ..\obj\MadgwickAHRS.o (asin)
C:\CooCox\gcc\arm-none-eabi\lib\armv7-m\libm.a(lib_a-w_atan2.o)
                              ..\obj\MadgwickAHRS.o (atan2)
C:\CooCox\gcc\arm-none-eabi\lib\armv7-m\libm.a(lib_a-w_sqrt.o)
                              ..\obj\MadgwickAHRS.o (sqrt)
C:\CooCox\gcc\arm-none-eabi\lib\armv7-m\libm.a(lib_a-e_asin.o)
                              C:\CooCox\gcc\arm-none-eabi\lib\armv7-m\libm.a(lib_a-w_asin.o) (__ieee754_asin)
C:\CooCox\gcc\arm-none-eabi\lib\armv7-m\libm.a(lib_a-e_atan2.o)
                              C:\CooCox\gcc\arm-none-eabi\lib\armv7-m\libm.a(lib_a-w_atan2.o) (__ieee754_atan2)
C:\CooCox\gcc\arm-none-eabi\lib\armv7-m\libm.a(lib_a-e_rem_pio2.o)
                              C:\CooCox\gcc\arm-none-eabi\lib\armv7-m\libm.a(lib_a-s_cos.o) (__ieee754_rem_pio2)
C:\CooCox\gcc\arm-none-eabi\lib\armv7-m\libm.a(lib_a-e_sqrt.o)
                              C:\CooCox\gcc\arm-none-eabi\lib\armv7-m\libm.a(lib_a-w_sqrt.o) (__ieee754_sqrt)
C:\CooCox\gcc\arm-none-eabi\lib\armv7-m\libm.a(lib_a-k_cos.o)
                              C:\CooCox\gcc\arm-none-eabi\lib\armv7-m\libm.a(lib_a-s_cos.o) (__kernel_cos)
C:\CooCox\gcc\arm-none-eabi\lib\armv7-m\libm.a(lib_a-k_rem_pio2.o)
                              C:\CooCox\gcc\arm-none-eabi\lib\armv7-m\libm.a(lib_a-e_rem_pio2.o) (__kernel_rem_pio2)
C:\CooCox\gcc\arm-none-eabi\lib\armv7-m\libm.a(lib_a-k_sin.o)
                              C:\CooCox\gcc\arm-none-eabi\lib\armv7-m\libm.a(lib_a-s_cos.o) (__kernel_sin)
C:\CooCox\gcc\arm-none-eabi\lib\armv7-m\libm.a(lib_a-s_atan.o)
                              C:\CooCox\gcc\arm-none-eabi\lib\armv7-m\libm.a(lib_a-e_atan2.o) (atan)
C:\CooCox\gcc\arm-none-eabi\lib\armv7-m\libm.a(lib_a-s_fabs.o)
                              C:\CooCox\gcc\arm-none-eabi\lib\armv7-m\libm.a(lib_a-w_asin.o) (fabs)
C:\CooCox\gcc\arm-none-eabi\lib\armv7-m\libm.a(lib_a-s_floor.o)
                              C:\CooCox\gcc\arm-none-eabi\lib\armv7-m\libm.a(lib_a-k_rem_pio2.o) (floor)
C:\CooCox\gcc\arm-none-eabi\lib\armv7-m\libm.a(lib_a-s_fpclassify.o)
                              C:\CooCox\gcc\arm-none-eabi\lib\armv7-m\libm.a(lib_a-w_asin.o) (__fpclassifyd)
C:\CooCox\gcc\arm-none-eabi\lib\armv7-m\libm.a(lib_a-s_lib_ver.o)
                              C:\CooCox\gcc\arm-none-eabi\lib\armv7-m\libm.a(lib_a-w_asin.o) (__fdlib_version)
C:\CooCox\gcc\arm-none-eabi\lib\armv7-m\libm.a(lib_a-s_matherr.o)
                              C:\CooCox\gcc\arm-none-eabi\lib\armv7-m\libm.a(lib_a-w_asin.o) (matherr)
C:\CooCox\gcc\arm-none-eabi\lib\armv7-m\libm.a(lib_a-s_nan.o)
                              C:\CooCox\gcc\arm-none-eabi\lib\armv7-m\libm.a(lib_a-w_asin.o) (nan)
C:\CooCox\gcc\arm-none-eabi\lib\armv7-m\libm.a(lib_a-s_scalbn.o)
                              C:\CooCox\gcc\arm-none-eabi\lib\armv7-m\libm.a(lib_a-k_rem_pio2.o) (scalbn)
C:\CooCox\gcc\arm-none-eabi\lib\armv7-m\libm.a(lib_a-s_copysign.o)
                              C:\CooCox\gcc\arm-none-eabi\lib\armv7-m\libm.a(lib_a-s_scalbn.o) (copysign)
c:/coocox/gcc/bin/../lib/gcc/arm-none-eabi/4.6.2/armv7e-m\libgcc.a(_arm_addsubdf3.o)
                              ..\obj\hmc5883.o (__aeabi_dsub)
c:/coocox/gcc/bin/../lib/gcc/arm-none-eabi/4.6.2/armv7e-m\libgcc.a(_arm_muldivdf3.o)
                              ..\obj\hmc5883.o (__aeabi_dmul)
c:/coocox/gcc/bin/../lib/gcc/arm-none-eabi/4.6.2/armv7e-m\libgcc.a(_arm_cmpdf2.o)
                              C:\CooCox\gcc\arm-none-eabi\lib\armv7-m\libm.a(lib_a-e_rem_pio2.o) (__aeabi_dcmpeq)
c:/coocox/gcc/bin/../lib/gcc/arm-none-eabi/4.6.2/armv7e-m\libgcc.a(_arm_fixdfsi.o)
                              C:\CooCox\gcc\arm-none-eabi\lib\armv7-m\libm.a(lib_a-e_rem_pio2.o) (__aeabi_d2iz)
c:/coocox/gcc/bin/../lib/gcc/arm-none-eabi/4.6.2/armv7e-m\libgcc.a(_arm_truncdfsf2.o)
                              ..\obj\MadgwickAHRS.o (__aeabi_d2f)
c:/coocox/gcc/bin/../lib/gcc/arm-none-eabi/4.6.2/armv7e-m\libgcc.a(_arm_addsubsf3.o)
                              ..\obj\MadgwickAHRS.o (__aeabi_fsub)
c:/coocox/gcc/bin/../lib/gcc/arm-none-eabi/4.6.2/armv7e-m\libgcc.a(_arm_muldivsf3.o)
                              ..\obj\MadgwickAHRS.o (__aeabi_fmul)
c:/coocox/gcc/bin/../lib/gcc/arm-none-eabi/4.6.2/armv7e-m\libgcc.a(_arm_cmpsf2.o)
                              ..\obj\MadgwickAHRS.o (__aeabi_fcmpeq)
c:/coocox/gcc/bin/../lib/gcc/arm-none-eabi/4.6.2/armv7e-m\libgcc.a(_arm_fixsfsi.o)
                              ..\obj\main.o (__aeabi_f2iz)
C:\CooCox\gcc\arm-none-eabi\lib\armv7-m\libg.a(lib_a-errno.o)
[...]
Memory Configuration

Name             Origin             Length             Attributes
rom              0x08000000         0x00100000         xr
ram              0x20000000         0x00020000         xrw
ram1             0x10000000         0x00010000         xrw
*default*        0x00000000         0xffffffff

Linker script and memory map

                0x20020000                _eram = 0x20020000

.text           0x08000000     0x975c
 *(.isr_vector .isr_vector.*)
 .isr_vector    0x08000000      0x188 ..\obj\startup_stm32f4xx.o
                0x08000000                g_pfnVectors
 *(.text .text.* .gnu.linkonce.t.*)
 .text.USART_Init
                0x08000188      0x1ac ..\obj\stm32f4xx_usart.o
                0x08000188                USART_Init
 .text.USART_Cmd
                0x08000334       0x40 ..\obj\stm32f4xx_usart.o
                0x08000334                USART_Cmd
 .text.USART_SendData
                0x08000374       0x28 ..\obj\stm32f4xx_usart.o
                0x08000374                USART_SendData
 .text.USART_ITConfig
                0x0800039c       0xa4 ..\obj\stm32f4xx_usart.o
                0x0800039c                USART_ITConfig
 .text.USART_GetFlagStatus
                0x08000440       0x40 ..\obj\stm32f4xx_usart.o
                0x08000440                USART_GetFlagStatus
 .text.USART_GetITStatus
                0x08000480       0xc4 ..\obj\stm32f4xx_usart.o
                0x08000480                USART_GetITStatus
 .text.USART_ClearITPendingBit
                0x08000544       0x44 ..\obj\stm32f4xx_usart.o
                0x08000544                USART_ClearITPendingBit
 .text.LED_Init
                0x08000588      0x124 ..\obj\led.o
                0x08000588                LED_Init
 .text.LED_Off  0x080006ac       0x90 ..\obj\led.o
                0x080006ac                LED_Off
 .text.LED_On   0x0800073c       0x88 ..\obj\led.o
                0x0800073c                LED_On
 .text.LED_Toggle
                0x080007c4      0x158 ..\obj\led.o
                0x080007c4                LED_Toggle
 .text.Default_Reset_Handler
                0x0800091c       0x68 ..\obj\startup_stm32f4xx.o
                0x0800091c                Default_Reset_Handler
                0x0800091c                Reset_Handler
 .text.Default_Handler
                0x08000984        0x8 ..\obj\startup_stm32f4xx.o
                0x08000984                RTC_Alarm_IRQHandler
                0x08000984                HASH_RNG_IRQHandler
                0x08000984                EXTI2_IRQHandler
                0x08000984                TIM8_CC_IRQHandler
                0x08000984                DebugMon_Handler
                0x08000984                TIM1_CC_IRQHandler
                0x08000984                DMA2_Stream5_IRQHandler
                0x08000984                HardFault_Handler
                0x08000984                DMA1_Stream5_IRQHandler
                0x08000984                SysTick_Handler
                0x08000984                PVD_IRQHandler
                0x08000984                SDIO_IRQHandler
                0x08000984                TAMP_STAMP_IRQHandler
                0x08000984                PendSV_Handler
                0x08000984                NMI_Handler
                0x08000984                CAN2_RX1_IRQHandler
                0x08000984                EXTI3_IRQHandler
                0x08000984                TIM8_TRG_COM_TIM14_IRQHandler
                0x08000984                TIM1_UP_TIM10_IRQHandler
                0x08000984                TIM8_UP_TIM13_IRQHandler
                0x08000984                I2C3_ER_IRQHandler
                0x08000984                EXTI0_IRQHandler
                0x08000984                I2C2_EV_IRQHandler
                0x08000984                DMA1_Stream2_IRQHandler
                0x08000984                CAN1_RX0_IRQHandler
                0x08000984                FPU_IRQHandler
                0x08000984                OTG_HS_WKUP_IRQHandler
                0x08000984                UsageFault_Handler
                0x08000984                CAN2_SCE_IRQHandler
                0x08000984                DMA2_Stream2_IRQHandler
                0x08000984                SPI1_IRQHandler
                0x08000984                TIM6_DAC_IRQHandler
                0x08000984                TIM1_BRK_TIM9_IRQHandler
                0x08000984                DCMI_IRQHandler
                0x08000984                CAN2_RX0_IRQHandler
                0x08000984                DMA2_Stream3_IRQHandler
                0x08000984                USART6_IRQHandler
                0x08000984                CRYP_IRQHandler
                0x08000984                CAN1_RX1_IRQHandler
                0x08000984                UART5_IRQHandler
                0x08000984                DMA2_Stream0_IRQHandler
                0x08000984                TIM4_IRQHandler
                0x08000984                I2C1_EV_IRQHandler
                0x08000984                DMA1_Stream6_IRQHandler
                0x08000984                DMA1_Stream1_IRQHandler
                0x08000984                UART4_IRQHandler
                0x08000984                TIM3_IRQHandler
                0x08000984                RCC_IRQHandler
                0x08000984                TIM8_BRK_TIM12_IRQHandler
                0x08000984                EXTI15_10_IRQHandler
                0x08000984                ADC_IRQHandler
                0x08000984                DMA1_Stream7_IRQHandler
                0x08000984                TIM7_IRQHandler
                0x08000984                CAN2_TX_IRQHandler
                0x08000984                TIM5_IRQHandler
                0x08000984                DMA2_Stream7_IRQHandler
                0x08000984                I2C3_EV_IRQHandler
                0x08000984                EXTI9_5_IRQHandler
                0x08000984                RTC_WKUP_IRQHandler
                0x08000984                ETH_WKUP_IRQHandler
                0x08000984                SPI2_IRQHandler
                0x08000984                OTG_HS_EP1_IN_IRQHandler
                0x08000984                MemManage_Handler
                0x08000984                DMA1_Stream0_IRQHandler
                0x08000984                CAN1_TX_IRQHandler
                0x08000984                SVC_Handler
                0x08000984                EXTI4_IRQHandler
                0x08000984                FSMC_IRQHandler
                0x08000984                ETH_IRQHandler
                0x08000984                OTG_HS_EP1_OUT_IRQHandler
                0x08000984                WWDG_IRQHandler
                0x08000984                OTG_FS_WKUP_IRQHandler
                0x08000984                TIM1_TRG_COM_TIM11_IRQHandler
                0x08000984                OTG_HS_IRQHandler
                0x08000984                EXTI1_IRQHandler
                0x08000984                USART2_IRQHandler
                0x08000984                I2C2_ER_IRQHandler
                0x08000984                DMA2_Stream1_IRQHandler
                0x08000984                CAN1_SCE_IRQHandler
                0x08000984                FLASH_IRQHandler
                0x08000984                DMA2_Stream4_IRQHandler
                0x08000984                BusFault_Handler
                0x08000984                USART1_IRQHandler
                0x08000984                OTG_FS_IRQHandler
                0x08000984                SPI3_IRQHandler
                0x08000984                DMA1_Stream4_IRQHandler
                0x08000984                I2C1_ER_IRQHandler
                0x08000984                DMA2_Stream6_IRQHandler
                0x08000984                DMA1_Stream3_IRQHandler
 .text.Init_AHRS
                0x0800098c       0x44 ..\obj\MadgwickAHRS.o
                0x0800098c                Init_AHRS
 .text.MadgwickAHRSupdate
                0x080009d0     0x1300 ..\obj\MadgwickAHRS.o
                0x080009d0                MadgwickAHRSupdate
 .text.MadgwickAHRSupdateIMU
                0x08001cd0      0x7bc ..\obj\MadgwickAHRS.o
                0x08001cd0                MadgwickAHRSupdateIMU
 .text.invSqrt  0x0800248c       0x84 ..\obj\MadgwickAHRS.o
                0x0800248c                invSqrt
 .text.getEuler
                0x08002510      0x1cc ..\obj\MadgwickAHRS.o
                0x08002510                getEuler
 .text.curve    0x080026dc       0x18 ..\obj\main.o
                0x080026dc                curve
 .text.main     0x080026f4      0x950 ..\obj\main.o
                0x080026f4                main
 .text.TIM2_IRQHandler
                0x08003044      0xa3c ..\obj\main.o
                0x08003044                TIM2_IRQHandler
 .text.USART3_IRQHandler
                0x08003a80       0x54 ..\obj\main.o
                0x08003a80                USART3_IRQHandler
 .text.RCC_GetClocksFreq
                0x08003ad4      0x1d0 ..\obj\stm32f4xx_rcc.o
                0x08003ad4                RCC_GetClocksFreq
 .text.RCC_AHB1PeriphClockCmd
                0x08003ca4       0x58 ..\obj\stm32f4xx_rcc.o
                0x08003ca4                RCC_AHB1PeriphClockCmd
 .text.RCC_APB1PeriphClockCmd
                0x08003cfc       0x58 ..\obj\stm32f4xx_rcc.o
                0x08003cfc                RCC_APB1PeriphClockCmd
 .text.RCC_APB2PeriphClockCmd
                0x08003d54       0x58 ..\obj\stm32f4xx_rcc.o
                0x08003d54                RCC_APB2PeriphClockCmd
 .text.RCC_APB1PeriphResetCmd
                0x08003dac       0x58 ..\obj\stm32f4xx_rcc.o
                0x08003dac                RCC_APB1PeriphResetCmd
 .text.RCC_APB2PeriphResetCmd
                0x08003e04       0x58 ..\obj\stm32f4xx_rcc.o
                0x08003e04                RCC_APB2PeriphResetCmd
 .text.Get_Gauss_Values
                0x08003e5c       0xd8 ..\obj\hmc5883.o
                0x08003e5c                Get_Gauss_Values
 .text.ADC_Init
                0x08003f34       0xb8 ..\obj\stm32f4xx_adc.o
                0x08003f34                ADC_Init
 .text.ADC_CommonInit
                0x08003fec       0x5c ..\obj\stm32f4xx_adc.o
                0x08003fec                ADC_CommonInit
 .text.ADC_Cmd  0x08004048       0x38 ..\obj\stm32f4xx_adc.o
                0x08004048                ADC_Cmd
 .text.ADC_RegularChannelConfig
                0x08004080      0x1bc ..\obj\stm32f4xx_adc.o
                0x08004080                ADC_RegularChannelConfig
 .text.setzero  0x0800423c       0x3c ..\obj\analog_drv.o
                0x0800423c                setzero
 .text.middle_init
                0x08004278       0x30 ..\obj\analog_drv.o
                0x08004278                middle_init
 .text.Analog_Init
                0x080042a8       0xd0 ..\obj\analog_drv.o
                0x080042a8                Analog_Init
 .text.I2C_Bus_Init
                0x08004378      0x100 ..\obj\i2c_bus.o
                0x08004378                I2C_Bus_Init
 .text.I2C_start
                0x08004478       0x94 ..\obj\i2c_bus.o
                0x08004478                I2C_start
 .text.I2C_write
                0x0800450c       0x34 ..\obj\i2c_bus.o
                0x0800450c                I2C_write
 .text.I2C_read_nack
                0x08004540       0x40 ..\obj\i2c_bus.o
                0x08004540                I2C_read_nack
 .text.I2C_stop
                0x08004580       0x1c ..\obj\i2c_bus.o
                0x08004580                I2C_stop
 .text.I2C_Bus_ByteWrite
                0x0800459c       0x5c ..\obj\i2c_bus.o
                0x0800459c                I2C_Bus_ByteWrite
 .text.I2C_Bus_ByteRead
                0x080045f8       0x80 ..\obj\i2c_bus.o
                0x080045f8                I2C_Bus_ByteRead
 .text.AT45DB_ReadSR
                0x08004678       0x4c ..\obj\at45db161.o
                0x08004678                AT45DB_ReadSR
 .text.AT45DB_ReadID
                0x080046c4       0x8c ..\obj\at45db161.o
                0x080046c4                AT45DB_ReadID
 .text.AT45DB_MemoryToBuf
                0x08004750       0x74 ..\obj\at45db161.o
                0x08004750                AT45DB_MemoryToBuf
 .text.AT45DB_DataToBuf
                0x080047c4       0x9c ..\obj\at45db161.o
                0x080047c4                AT45DB_DataToBuf
 .text.AT45DB_BufToMemWrite
                0x08004860       0x74 ..\obj\at45db161.o
                0x08004860                AT45DB_BufToMemWrite
 .text.AT45DB_MemToBufCompare
                0x080048d4       0x88 ..\obj\at45db161.o
                0x080048d4                AT45DB_MemToBufCompare
 .text.AT45DB_Write
                0x0800495c       0x8c ..\obj\at45db161.o
                0x0800495c                AT45DB_Write
 .text.AT45DB_Wait_Busy
                0x080049e8       0x18 ..\obj\at45db161.o
                0x080049e8                AT45DB_Wait_Busy
 .text.AT45DB_Read
                0x08004a00       0x94 ..\obj\at45db161.o
                0x08004a00                AT45DB_Read
 .text.AT45DB_ChipErase
                0x08004a94       0x4c ..\obj\at45db161.o
                0x08004a94                AT45DB_ChipErase
 .text.GPIO_Init
                0x08004ae0      0x154 ..\obj\stm32f4xx_gpio.o
                0x08004ae0                GPIO_Init
 .text.GPIO_ReadInputDataBit
                0x08004c34       0x3c ..\obj\stm32f4xx_gpio.o
                0x08004c34                GPIO_ReadInputDataBit
 .text.GPIO_ReadInputData
                0x08004c70       0x1c ..\obj\stm32f4xx_gpio.o
                0x08004c70                GPIO_ReadInputData
 .text.GPIO_SetBits
                0x08004c8c       0x1c ..\obj\stm32f4xx_gpio.o
                0x08004c8c                GPIO_SetBits
 .text.GPIO_ResetBits
                0x08004ca8       0x1c ..\obj\stm32f4xx_gpio.o
                0x08004ca8                GPIO_ResetBits
 .text.GPIO_PinAFConfig
                0x08004cc4       0xac ..\obj\stm32f4xx_gpio.o
                0x08004cc4                GPIO_PinAFConfig
 .text.usart_init
                0x08004d70      0x190 ..\obj\uart_log.o
                0x08004d70                usart_init
 .text.wr_buf   0x08004f00       0x54 ..\obj\uart_log.o
                0x08004f00                wr_buf
 .text.wr_long_group
                0x08004f54       0x8c ..\obj\uart_log.o
                0x08004f54                wr_long_group
 .text.wr_int   0x08004fe0      0x134 ..\obj\uart_log.o
                0x08004fe0                wr_int
 .text.SystemInit
                0x08005114       0x94 ..\obj\system_stm32f4xx.o
                0x08005114                SystemInit
 .text.SetSysClock
                0x080051a8      0x17c ..\obj\system_stm32f4xx.o
 .text.PWM_PinsInit
                0x08005324      0x158 ..\obj\pwm_driver.o
                0x08005324                PWM_PinsInit
 .text.PWM_Update_All
                0x0800547c       0xcc ..\obj\pwm_driver.o
                0x0800547c                PWM_Update_All
 .text.A7105_WaitWTF
                0x08005548       0x70 ..\obj\a7105_drv.o
                0x08005548                A7105_WaitWTF
 .text.A7105_WriteReg
                0x080055b8       0x48 ..\obj\a7105_drv.o
                0x080055b8                A7105_WriteReg
 .text.A7105_ReadReg
                0x08005600       0x50 ..\obj\a7105_drv.o
                0x08005600                A7105_ReadReg
 .text.A7105_ReadData
                0x08005650       0x68 ..\obj\a7105_drv.o
                0x08005650                A7105_ReadData
 .text.A7105_WriteID
                0x080056b8       0x6c ..\obj\a7105_drv.o
                0x080056b8                A7105_WriteID
 .text.A7105_Strobe
                0x08005724       0x3c ..\obj\a7105_drv.o
                0x08005724                A7105_Strobe
 .text.A7105_Initialize
                0x08005760      0x16c ..\obj\a7105_drv.o
                0x08005760                A7105_Initialize
 .text.A7105_SwitchChanel
                0x080058cc       0xa4 ..\obj\a7105_drv.o
                0x080058cc                A7105_SwitchChanel
 .text.SPI_I2S_DeInit
                0x08005970       0x88 ..\obj\stm32f4xx_spi.o
                0x08005970                SPI_I2S_DeInit
 .text.SPI_Init
                0x080059f8       0x88 ..\obj\stm32f4xx_spi.o
                0x080059f8                SPI_Init
 .text.SPI_Cmd  0x08005a80       0x40 ..\obj\stm32f4xx_spi.o
                0x08005a80                SPI_Cmd
 .text.SPI_I2S_ReceiveData
                0x08005ac0       0x1c ..\obj\stm32f4xx_spi.o
                0x08005ac0                SPI_I2S_ReceiveData
 .text.SPI_I2S_SendData
                0x08005adc       0x1c ..\obj\stm32f4xx_spi.o
                0x08005adc                SPI_I2S_SendData
 .text.SPI_I2S_GetFlagStatus
                0x08005af8       0x40 ..\obj\stm32f4xx_spi.o
                0x08005af8                SPI_I2S_GetFlagStatus
 .text.next     0x08005b38       0x40 ..\obj\cbuff.o
                0x08005b38                next
 .text.cbuff_init
                0x08005b78       0x24 ..\obj\cbuff.o
                0x08005b78                cbuff_init
 .text.cbuff_put
                0x08005b9c       0x50 ..\obj\cbuff.o
                0x08005b9c                cbuff_put
 .text.cbuff_get
                0x08005bec       0x48 ..\obj\cbuff.o
                0x08005bec                cbuff_get
 .text.I2C_Init
                0x08005c34      0x1ac ..\obj\stm32f4xx_i2c.o
                0x08005c34                I2C_Init
 .text.I2C_Cmd  0x08005de0       0x40 ..\obj\stm32f4xx_i2c.o
                0x08005de0                I2C_Cmd
 .text.I2C_GenerateSTART
                0x08005e20       0x40 ..\obj\stm32f4xx_i2c.o
                0x08005e20                I2C_GenerateSTART
 .text.I2C_GenerateSTOP
                0x08005e60       0x40 ..\obj\stm32f4xx_i2c.o
                0x08005e60                I2C_GenerateSTOP
 .text.I2C_Send7bitAddress
                0x08005ea0       0x3c ..\obj\stm32f4xx_i2c.o
                0x08005ea0                I2C_Send7bitAddress
 .text.I2C_AcknowledgeConfig
                0x08005edc       0x40 ..\obj\stm32f4xx_i2c.o
                0x08005edc                I2C_AcknowledgeConfig
 .text.I2C_SoftwareResetCmd
                0x08005f1c       0x48 ..\obj\stm32f4xx_i2c.o
                0x08005f1c                I2C_SoftwareResetCmd
 .text.I2C_SendData
                0x08005f64       0x20 ..\obj\stm32f4xx_i2c.o
                0x08005f64                I2C_SendData
 .text.I2C_ReceiveData
                0x08005f84       0x1c ..\obj\stm32f4xx_i2c.o
                0x08005f84                I2C_ReceiveData
 .text.I2C_CheckEvent
                0x08005fa0       0x70 ..\obj\stm32f4xx_i2c.o
                0x08005fa0                I2C_CheckEvent
 .text.I2C_GetFlagStatus
                0x08006010       0x78 ..\obj\stm32f4xx_i2c.o
                0x08006010                I2C_GetFlagStatus
 .text.SPI_ReadWriteByte
                0x08006088       0x74 ..\obj\spi_bus.o
                0x08006088                SPI_ReadWriteByte
 .text.SPI_Bus_Init
                0x080060fc      0x178 ..\obj\spi_bus.o
                0x080060fc                SPI_Bus_Init
 .text.NVIC_PriorityGroupConfig
                0x08006274       0x28 ..\obj\misc.o
                0x08006274                NVIC_PriorityGroupConfig
 .text.NVIC_Init
                0x0800629c       0xe4 ..\obj\misc.o
                0x0800629c                NVIC_Init
 .text.NVIC_SetVectorTable
                0x08006380       0x2c ..\obj\misc.o
                0x08006380                NVIC_SetVectorTable
 .text.Init_MPU6050
                0x080063ac       0x78 ..\obj\MPU6050.o
                0x080063ac                Init_MPU6050
 *fill*         0x08006424        0x4 00
 .text.Get_Accel_Angles
                0x08006428      0x228 ..\obj\MPU6050.o
                0x08006428                Get_Accel_Angles
 .text.Get_Accel_Values
                0x08006650       0xac ..\obj\MPU6050.o
                0x08006650                Get_Accel_Values
 .text.Get_Gyro_Rates
                0x080066fc       0xd0 ..\obj\MPU6050.o
                0x080066fc                Get_Gyro_Rates
 .text.WAKE_init
                0x080067cc       0x2c ..\obj\wake.o
                0x080067cc                WAKE_init
 .text.WAKE_bytein
                0x080067f8      0x234 ..\obj\wake.o
                0x080067f8                WAKE_bytein
 .text.WAKE_pack
                0x08006a2c      0x16c ..\obj\wake.o
                0x08006a2c                WAKE_pack
 .text.Wake_step_crc
                0x08006b98       0x74 ..\obj\wake.o
                0x08006b98                Wake_step_crc
 .text.PID_Init
                0x08006c0c       0x38 ..\obj\pid.o
                0x08006c0c                PID_Init
 .text.PID_SetCoefs
                0x08006c44       0x30 ..\obj\pid.o
                0x08006c44                PID_SetCoefs
 .text.PID_SetLimits
                0x08006c74      0x108 ..\obj\pid.o
                0x08006c74                PID_SetLimits
 .text.PID_Compute
                0x08006d7c      0x15c ..\obj\pid.o
                0x08006d7c                PID_Compute
 .text.PID_GetOutput
                0x08006ed8       0x18 ..\obj\pid.o
                0x08006ed8                PID_GetOutput
 .text.TIM2_200Hz_Configuration
                0x08006ef0       0x78 ..\obj\pid.o
                0x08006ef0                TIM2_200Hz_Configuration
 .text.NVIC_ForTIM2_Configuration
                0x08006f68       0x44 ..\obj\pid.o
                0x08006f68                NVIC_ForTIM2_Configuration
 .text.TIM_DeInit
                0x08006fac      0x238 ..\obj\stm32f4xx_tim.o
                0x08006fac                TIM_DeInit
 .text.TIM_TimeBaseInit
                0x080071e4       0xf4 ..\obj\stm32f4xx_tim.o
                0x080071e4                TIM_TimeBaseInit
 .text.TIM_ARRPreloadConfig
                0x080072d8       0x40 ..\obj\stm32f4xx_tim.o
                0x080072d8                TIM_ARRPreloadConfig
 .text.TIM_Cmd  0x08007318       0x40 ..\obj\stm32f4xx_tim.o
                0x08007318                TIM_Cmd
 .text.TIM_OC1Init
                0x08007358       0xfc ..\obj\stm32f4xx_tim.o
                0x08007358                TIM_OC1Init
 .text.TIM_OC2Init
                0x08007454      0x128 ..\obj\stm32f4xx_tim.o
                0x08007454                TIM_OC2Init
 .text.TIM_OC3Init
                0x0800757c      0x120 ..\obj\stm32f4xx_tim.o
                0x0800757c                TIM_OC3Init
 .text.TIM_OC4Init
                0x0800769c       0xe0 ..\obj\stm32f4xx_tim.o
                0x0800769c                TIM_OC4Init
 .text.TIM_OCStructInit
                0x0800777c       0x54 ..\obj\stm32f4xx_tim.o
                0x0800777c                TIM_OCStructInit
 .text.TIM_OC1PreloadConfig
                0x080077d0       0x38 ..\obj\stm32f4xx_tim.o
                0x080077d0                TIM_OC1PreloadConfig
 .text.TIM_OC2PreloadConfig
                0x08007808       0x40 ..\obj\stm32f4xx_tim.o
                0x08007808                TIM_OC2PreloadConfig
 .text.TIM_OC3PreloadConfig
                0x08007848       0x38 ..\obj\stm32f4xx_tim.o
                0x08007848                TIM_OC3PreloadConfig
 .text.TIM_OC4PreloadConfig
                0x08007880       0x40 ..\obj\stm32f4xx_tim.o
                0x08007880                TIM_OC4PreloadConfig
 .text.TIM_CtrlPWMOutputs
                0x080078c0       0x50 ..\obj\stm32f4xx_tim.o
                0x080078c0                TIM_CtrlPWMOutputs
 .text.TIM_ITConfig
                0x08007910       0x48 ..\obj\stm32f4xx_tim.o
                0x08007910                TIM_ITConfig
 .text.TIM_ClearFlag
                0x08007958       0x24 ..\obj\stm32f4xx_tim.o
                0x08007958                TIM_ClearFlag
 .text.TIM_GetITStatus
                0x0800797c       0x60 ..\obj\stm32f4xx_tim.o
                0x0800797c                TIM_GetITStatus
 .text.TIM_ClearITPendingBit
                0x080079dc       0x24 ..\obj\stm32f4xx_tim.o
                0x080079dc                TIM_ClearITPendingBit
 .text.asin     0x08007a00       0xa0 C:\CooCox\gcc\arm-none-eabi\lib\armv7-m\libm.a(lib_a-w_asin.o)
                0x08007a00                asin
 .text.atan2    0x08007aa0        0x4 C:\CooCox\gcc\arm-none-eabi\lib\armv7-m\libm.a(lib_a-w_atan2.o)
                0x08007aa0                atan2
 .text.sqrt     0x08007aa4       0xa8 C:\CooCox\gcc\arm-none-eabi\lib\armv7-m\libm.a(lib_a-w_sqrt.o)
                0x08007aa4                sqrt
 *fill*         0x08007b4c        0x4 00
 .text.__ieee754_asin
                0x08007b50      0x468 C:\CooCox\gcc\arm-none-eabi\lib\armv7-m\libm.a(lib_a-e_asin.o)
                0x08007b50                __ieee754_asin
 .text.__ieee754_atan2
                0x08007fb8      0x228 C:\CooCox\gcc\arm-none-eabi\lib\armv7-m\libm.a(lib_a-e_atan2.o)
                0x08007fb8                __ieee754_atan2
 .text.__ieee754_sqrt
                0x080081e0      0x1b4 C:\CooCox\gcc\arm-none-eabi\lib\armv7-m\libm.a(lib_a-e_sqrt.o)
                0x080081e0                __ieee754_sqrt
 *fill*         0x08008394        0x4 00
 .text.atan     0x08008398      0x368 C:\CooCox\gcc\arm-none-eabi\lib\armv7-m\libm.a(lib_a-s_atan.o)
                0x08008398                atan
 .text.fabs     0x08008700        0x8 C:\CooCox\gcc\arm-none-eabi\lib\armv7-m\libm.a(lib_a-s_fabs.o)
                0x08008700                fabs
 .text.__fpclassifyd
                0x08008708       0x68 C:\CooCox\gcc\arm-none-eabi\lib\armv7-m\libm.a(lib_a-s_fpclassify.o)
                0x08008708                __fpclassifyd
 .text.matherr  0x08008770        0x4 C:\CooCox\gcc\arm-none-eabi\lib\armv7-m\libm.a(lib_a-s_matherr.o)
                0x08008770                matherr
 .text.nan      0x08008774        0xc C:\CooCox\gcc\arm-none-eabi\lib\armv7-m\libm.a(lib_a-s_nan.o)
                0x08008774                nan
 .text          0x08008780      0x370 c:/coocox/gcc/bin/../lib/gcc/arm-none-eabi/4.6.2/armv7e-m\libgcc.a(_arm_addsubdf3.o)
                0x08008780                __aeabi_drsub
                0x08008788                __aeabi_dsub
                0x08008788                __subdf3
                0x0800878c                __aeabi_dadd
                0x0800878c                __adddf3
                0x08008a04                __floatunsidf
                0x08008a04                __aeabi_ui2d
                0x08008a24                __floatsidf
                0x08008a24                __aeabi_i2d
                0x08008a48                __aeabi_f2d
                0x08008a48                __extendsfdf2
                0x08008a84                __floatundidf
                0x08008a84                __aeabi_ul2d
                0x08008a94                __floatdidf
                0x08008a94                __aeabi_l2d
 .text          0x08008af0      0x424 c:/coocox/gcc/bin/../lib/gcc/arm-none-eabi/4.6.2/armv7e-m\libgcc.a(_arm_muldivdf3.o)
                0x08008af0                __aeabi_dmul
                0x08008af0                __muldf3
                0x08008d44                __divdf3
                0x08008d44                __aeabi_ddiv
 .text          0x08008f14      0x110 c:/coocox/gcc/bin/../lib/gcc/arm-none-eabi/4.6.2/armv7e-m\libgcc.a(_arm_cmpdf2.o)
                0x08008f14                __gtdf2
                0x08008f14                __gedf2
                0x08008f1c                __ltdf2
                0x08008f1c                __ledf2
                0x08008f24                __nedf2
                0x08008f24                __eqdf2
                0x08008f24                __cmpdf2
                0x08008fa0                __aeabi_cdrcmple
                0x08008fb0                __aeabi_cdcmpeq
                0x08008fb0                __aeabi_cdcmple
                0x08008fc0                __aeabi_dcmpeq
                0x08008fd4                __aeabi_dcmplt
                0x08008fe8                __aeabi_dcmple
                0x08008ffc                __aeabi_dcmpge
                0x08009010                __aeabi_dcmpgt
 .text          0x08009024       0xa0 c:/coocox/gcc/bin/../lib/gcc/arm-none-eabi/4.6.2/armv7e-m\libgcc.a(_arm_truncdfsf2.o)
                0x08009024                __truncdfsf2
                0x08009024                __aeabi_d2f
 .text          0x080090c4      0x21c c:/coocox/gcc/bin/../lib/gcc/arm-none-eabi/4.6.2/armv7e-m\libgcc.a(_arm_addsubsf3.o)
                0x080090c4                __aeabi_frsub
                0x080090cc                __subsf3
                0x080090cc                __aeabi_fsub
                0x080090d0                __aeabi_fadd
                0x080090d0                __addsf3
                0x08009230                __aeabi_ui2f
                0x08009230                __floatunsisf
                0x08009238                __aeabi_i2f
                0x08009238                __floatsisf
                0x08009254                __aeabi_ul2f
                0x08009254                __floatundisf
                0x08009264                __aeabi_l2f
                0x08009264                __floatdisf
 .text          0x080092e0      0x2a0 c:/coocox/gcc/bin/../lib/gcc/arm-none-eabi/4.6.2/armv7e-m\libgcc.a(_arm_muldivsf3.o)
                0x080092e0                __mulsf3
                0x080092e0                __aeabi_fmul
                0x08009448                __aeabi_fdiv
                0x08009448                __divsf3
 .text          0x08009580       0xec c:/coocox/gcc/bin/../lib/gcc/arm-none-eabi/4.6.2/armv7e-m\libgcc.a(_arm_cmpsf2.o)
                0x08009580                __gesf2
                0x08009580                __gtsf2
                0x08009588                __lesf2
                0x08009588                __ltsf2
                0x08009590                __nesf2
                0x08009590                __eqsf2
                0x08009590                __cmpsf2
                0x080095f0                __aeabi_cfrcmple
                0x080095f8                __aeabi_cfcmpeq
                0x080095f8                __aeabi_cfcmple
                0x08009608                __aeabi_fcmpeq
                0x0800961c                __aeabi_fcmplt
                0x08009630                __aeabi_fcmple
                0x08009644                __aeabi_fcmpge
                0x08009658                __aeabi_fcmpgt
 .text          0x0800966c       0x4c c:/coocox/gcc/bin/../lib/gcc/arm-none-eabi/4.6.2/armv7e-m\libgcc.a(_arm_fixsfsi.o)
                0x0800966c                __aeabi_f2iz
                0x0800966c                __fixsfsi
 .text.__errno  0x080096b8        0xc C:\CooCox\gcc\arm-none-eabi\lib\armv7-m\libg.a(lib_a-errno.o)
                0x080096b8                __errno
 *(.glue_7t)
 .glue_7t       0x00000000        0x0 linker stubs
 *(.glue_7)
 .glue_7        0x00000000        0x0 linker stubs
 *(.rodata .rodata* .gnu.linkonce.r.*)
 .rodata        0x080096c4        0xc ..\obj\main.o
 .rodata        0x080096d0       0x34 ..\obj\a7105_drv.o
 .rodata.str1.4
                0x08009704        0x5 C:\CooCox\gcc\arm-none-eabi\lib\armv7-m\libm.a(lib_a-w_asin.o)
                                  0xc (size before relaxing)
 *fill*         0x08009709        0x3 00
 .rodata.str1.4
                0x0800970c        0x5 C:\CooCox\gcc\arm-none-eabi\lib\armv7-m\libm.a(lib_a-w_sqrt.o)
                                  0x8 (size before relaxing)
 *fill*         0x08009711        0x7 00
 .rodata.atanlo
                0x08009718       0x20 C:\CooCox\gcc\arm-none-eabi\lib\armv7-m\libm.a(lib_a-s_atan.o)
 .rodata.atanhi
                0x08009738       0x20 C:\CooCox\gcc\arm-none-eabi\lib\armv7-m\libm.a(lib_a-s_atan.o)
 .rodata.str1.4
                0x08009758        0x4 C:\CooCox\gcc\arm-none-eabi\lib\armv7-m\libg.a(lib_a-impure.o)

.vfp11_veneer   0x0800975c        0x0
 .vfp11_veneer  0x00000000        0x0 linker stubs

.v4_bx          0x0800975c        0x0
 .v4_bx         0x00000000        0x0 linker stubs

.ARM.extab
 *(.ARM.extab* .gnu.linkonce.armextab.*)
                0x0800975c                __exidx_start = .

.ARM.exidx
 *(.ARM.exidx* .gnu.linkonce.armexidx.*)
                0x0800975c                __exidx_end = .
                0x0800975c                . = ALIGN (0x4)
                0x0800975c                _etext = .
                0x0800975c                _sidata = .

.data           0x20000000      0x454 load address 0x0800975c
                0x20000000                _sdata = .
 *(.data .data.*)
 .data          0x20000000        0x4 ..\obj\main.o
                0x20000000                USART
 .data          0x20000004       0x10 ..\obj\stm32f4xx_rcc.o
 .data          0x20000014       0x10 ..\obj\a7105_drv.o
                0x20000014                ch_tb_9
 .data.__fdlib_version
                0x20000024        0x1 C:\CooCox\gcc\arm-none-eabi\lib\armv7-m\libm.a(lib_a-s_lib_ver.o)
                0x20000024                __fdlib_version
 *fill*         0x20000025        0x3 00
 .data.impure_data
                0x20000028      0x428 C:\CooCox\gcc\arm-none-eabi\lib\armv7-m\libg.a(lib_a-impure.o)
 .data._impure_ptr
                0x20000450        0x4 C:\CooCox\gcc\arm-none-eabi\lib\armv7-m\libg.a(lib_a-impure.o)
                0x20000450                _impure_ptr
                0x20000454                . = ALIGN (0x4)
                0x20000454                _edata = .

.bss            0x20000454      0x688 load address 0x08009bb0
                0x20000454                _sbss = .
 *(.bss .bss.*)
 .bss           0x20000454       0x60 ..\obj\main.o
                0x20000454                pitch
                0x20000458                roll
                0x2000045c                yaw
                0x20000460                target_pitch
                0x20000464                target_roll
                0x20000468                target_yaw
                0x2000046c                pwm1
                0x20000470                pwm2
                0x20000474                pwm3
                0x20000478                pwm4
                0x2000047c                pwm1_comp
                0x20000480                pwm2_comp
                0x20000484                pwm3_comp
                0x20000488                pwm4_comp
                0x2000048c                thrust
                0x20000490                gauss_maxx
                0x20000494                gauss_minx
                0x20000498                gauss_maxy
                0x2000049c                gauss_miny
                0x200004a0                gauss_maxz
                0x200004a4                gauss_minz
                0x200004a8                bc
                0x200004ac                gauss_skip
                0x200004b0                gauss_arm
 .bss           0x200004b4        0x4 ..\obj\a7105_drv.o
 *(COMMON)
 COMMON         0x200004b8      0x618 ..\obj\main.o
                0x200004b8                ahrs
                0x200004dc                prev_roll
                0x200004e0                cb
                0x200005e8                tmp_store
                0x2000069c                prev_pitch
                0x200006a0                store
                0x200006a4                gau
                0x200006b4                w
                0x200006c0                default_store
                0x20000774                droll
                0x20000778                wake_in_buff
                0x20000878                led
                0x2000087c                eu
                0x200008b4                pitch_pid
                0x200008d8                yaw_pid
                0x200008fc                wake_out_buff
                0x200009fc                dpitch
                0x20000a00                rf_data
                0x20000a18                roll_pid
                0x20000a3c                bar
                0x20000a60                m
 COMMON         0x20000ad0        0xc ..\obj\MPU6050.o
                0x20000ad0                fYg
                0x20000ad4                fZg
                0x20000ad8                fXg
                0x20000adc                . = ALIGN (0x4)
                0x20000adc                _ebss = .

.co_stack       0x20000adc      0x804 load address 0x0800a238
                0x20000ae0                . = ALIGN (0x8)
 *fill*         0x20000adc        0x4 00
 *(.co_stack .co_stack.*)
 .co_stack      0x20000ae0      0x800 ..\obj\startup_stm32f4xx.o
                0x20000ae0                pulStack
                0x200012e0                . = ALIGN (0x4)
                0x200012e0                _end = .
LOAD ..\obj\stm32f4xx_syscfg.o
LOAD ..\obj\stm32f4xx_usart.o
LOAD ..\obj\bmp180.o
LOAD ..\obj\led.o
LOAD ..\obj\startup_stm32f4xx.o
LOAD ..\obj\MadgwickAHRS.o
LOAD ..\obj\main.o
LOAD ..\obj\stm32f4xx_rcc.o
LOAD ..\obj\hmc5883.o
LOAD ..\obj\stm32f4xx_adc.o
LOAD ..\obj\analog_drv.o
LOAD ..\obj\i2c_bus.o
LOAD ..\obj\at45db161.o
LOAD ..\obj\stm32f4xx_gpio.o
LOAD ..\obj\uart_log.o
LOAD ..\obj\system_stm32f4xx.o
LOAD ..\obj\pwm_driver.o
LOAD ..\obj\a7105_drv.o
LOAD ..\obj\stm32f4xx_spi.o
LOAD ..\obj\cbuff.o
LOAD ..\obj\stm32f4xx_i2c.o
LOAD ..\obj\stm32f4xx_exti.o
LOAD ..\obj\spi_bus.o
LOAD ..\obj\misc.o
LOAD ..\obj\MPU6050.o
LOAD ..\obj\wake.o
LOAD ..\obj\pid.o
LOAD ..\obj\stm32f4xx_tim.o
LOAD C:\CooCox\gcc\arm-none-eabi\lib\armv7-m\libm.a
START GROUP
LOAD c:/coocox/gcc/bin/../lib/gcc/arm-none-eabi/4.6.2/armv7e-m\libgcc.a
LOAD C:\CooCox\gcc\arm-none-eabi\lib\armv7-m\libg.a
LOAD C:\CooCox\gcc\arm-none-eabi\lib\armv7-m\libc.a
END GROUP
OUTPUT(quadcopter_Flash.elf elf32-littlearm)

.debug_info     0x00000000     0xd126
 .debug_info    0x00000000      0x27a ..\obj\stm32f4xx_syscfg.o
 .debug_info    0x0000027a      0xa4f ..\obj\stm32f4xx_usart.o
 .debug_info    0x00000cc9      0x243 ..\obj\bmp180.o
 .debug_info    0x00000f0c      0x387 ..\obj\led.o
 .debug_info    0x00001293      0x135 ..\obj\startup_stm32f4xx.o
 .debug_info    0x000013c8      0x622 ..\obj\MadgwickAHRS.o
 .debug_info    0x000019ea     0x12eb ..\obj\main.o
 .debug_info    0x00002cd5      0xd24 ..\obj\stm32f4xx_rcc.o
 .debug_info    0x000039f9      0x2a8 ..\obj\hmc5883.o
 .debug_info    0x00003ca1      0xcf5 ..\obj\stm32f4xx_adc.o
 .debug_info    0x00004996      0x65e ..\obj\analog_drv.o
 .debug_info    0x00004ff4      0x5fb ..\obj\i2c_bus.o
 .debug_info    0x000055ef      0x52b ..\obj\at45db161.o
 .debug_info    0x00005b1a      0x639 ..\obj\stm32f4xx_gpio.o
 .debug_info    0x00006153      0xa36 ..\obj\uart_log.o
 .debug_info    0x00006b89      0x61d ..\obj\system_stm32f4xx.o
 .debug_info    0x000071a6      0x63f ..\obj\pwm_driver.o
 .debug_info    0x000077e5      0x5e9 ..\obj\a7105_drv.o
 .debug_info    0x00007dce      0xbcc ..\obj\stm32f4xx_spi.o
 .debug_info    0x0000899a      0x163 ..\obj\cbuff.o
 .debug_info    0x00008afd      0xb91 ..\obj\stm32f4xx_i2c.o
 .debug_info    0x0000968e      0x372 ..\obj\stm32f4xx_exti.o
 .debug_info    0x00009a00      0x4cb ..\obj\spi_bus.o
 .debug_info    0x00009ecb      0x594 ..\obj\misc.o
 .debug_info    0x0000a45f      0x459 ..\obj\MPU6050.o
 .debug_info    0x0000a8b8      0x1dd ..\obj\wake.o
 .debug_info    0x0000aa95      0x869 ..\obj\pid.o
 .debug_info    0x0000b2fe     0x1e28 ..\obj\stm32f4xx_tim.o

.debug_abbrev   0x00000000     0x236b
 .debug_abbrev  0x00000000      0x12a ..\obj\stm32f4xx_syscfg.o
 .debug_abbrev  0x0000012a      0x14e ..\obj\stm32f4xx_usart.o
 .debug_abbrev  0x00000278       0xb9 ..\obj\bmp180.o
 .debug_abbrev  0x00000331      0x116 ..\obj\led.o
 .debug_abbrev  0x00000447       0xac ..\obj\startup_stm32f4xx.o
 .debug_abbrev  0x000004f3       0xee ..\obj\MadgwickAHRS.o
 .debug_abbrev  0x000005e1      0x21a ..\obj\main.o
 .debug_abbrev  0x000007fb      0x1b7 ..\obj\stm32f4xx_rcc.o
 .debug_abbrev  0x000009b2       0xdd ..\obj\hmc5883.o
 .debug_abbrev  0x00000a8f      0x189 ..\obj\stm32f4xx_adc.o
 .debug_abbrev  0x00000c18      0x187 ..\obj\analog_drv.o
 .debug_abbrev  0x00000d9f      0x13e ..\obj\i2c_bus.o
 .debug_abbrev  0x00000edd      0x174 ..\obj\at45db161.o
 .debug_abbrev  0x00001051      0x182 ..\obj\stm32f4xx_gpio.o
 .debug_abbrev  0x000011d3      0x165 ..\obj\uart_log.o
 .debug_abbrev  0x00001338      0x140 ..\obj\system_stm32f4xx.o
 .debug_abbrev  0x00001478      0x122 ..\obj\pwm_driver.o
 .debug_abbrev  0x0000159a      0x1e5 ..\obj\a7105_drv.o
 .debug_abbrev  0x0000177f      0x160 ..\obj\stm32f4xx_spi.o
 .debug_abbrev  0x000018df       0xcb ..\obj\cbuff.o
 .debug_abbrev  0x000019aa      0x15d ..\obj\stm32f4xx_i2c.o
 .debug_abbrev  0x00001b07      0x198 ..\obj\stm32f4xx_exti.o
 .debug_abbrev  0x00001c9f      0x12d ..\obj\spi_bus.o
 .debug_abbrev  0x00001dcc      0x126 ..\obj\misc.o
 .debug_abbrev  0x00001ef2       0xe9 ..\obj\MPU6050.o
 .debug_abbrev  0x00001fdb       0xd8 ..\obj\wake.o
 .debug_abbrev  0x000020b3      0x155 ..\obj\pid.o
 .debug_abbrev  0x00002208      0x163 ..\obj\stm32f4xx_tim.o

.debug_loc      0x00000000     0x54a8
 .debug_loc     0x00000000      0x144 ..\obj\stm32f4xx_syscfg.o
 .debug_loc     0x00000144      0x658 ..\obj\stm32f4xx_usart.o
 .debug_loc     0x0000079c       0x72 ..\obj\bmp180.o
 .debug_loc     0x0000080e       0xe0 ..\obj\led.o
 .debug_loc     0x000008ee       0x64 ..\obj\startup_stm32f4xx.o
 .debug_loc     0x00000952      0x11c ..\obj\MadgwickAHRS.o
 .debug_loc     0x00000a6e      0x11c ..\obj\main.o
 .debug_loc     0x00000b8a      0x97c ..\obj\stm32f4xx_rcc.o
 .debug_loc     0x00001506       0xa8 ..\obj\hmc5883.o
 .debug_loc     0x000015ae      0x838 ..\obj\stm32f4xx_adc.o
 .debug_loc     0x00001de6      0x10c ..\obj\analog_drv.o
 .debug_loc     0x00001ef2      0x1c0 ..\obj\i2c_bus.o
 .debug_loc     0x000020b2      0x388 ..\obj\at45db161.o
 .debug_loc     0x0000243a      0x310 ..\obj\stm32f4xx_gpio.o
 .debug_loc     0x0000274a      0x18a ..\obj\uart_log.o
 .debug_loc     0x000028d4       0x9c ..\obj\system_stm32f4xx.o
 .debug_loc     0x00002970       0x70 ..\obj\pwm_driver.o
 .debug_loc     0x000029e0      0x25c ..\obj\a7105_drv.o
 .debug_loc     0x00002c3c      0x578 ..\obj\stm32f4xx_spi.o
 .debug_loc     0x000031b4       0xe0 ..\obj\cbuff.o
 .debug_loc     0x00003294      0x738 ..\obj\stm32f4xx_i2c.o
 .debug_loc     0x000039cc      0x1b4 ..\obj\stm32f4xx_exti.o
 .debug_loc     0x00003b80       0x70 ..\obj\spi_bus.o
 .debug_loc     0x00003bf0      0x118 ..\obj\misc.o
 .debug_loc     0x00003d08      0x118 ..\obj\MPU6050.o
 .debug_loc     0x00003e20       0xe0 ..\obj\wake.o
 .debug_loc     0x00003f00      0x188 ..\obj\pid.o
 .debug_loc     0x00004088     0x1420 ..\obj\stm32f4xx_tim.o

.debug_aranges  0x00000000      0xed0
 .debug_aranges
                0x00000000       0x48 ..\obj\stm32f4xx_syscfg.o
 .debug_aranges
                0x00000048      0x100 ..\obj\stm32f4xx_usart.o
 .debug_aranges
                0x00000148       0x28 ..\obj\bmp180.o
 .debug_aranges
                0x00000170       0x38 ..\obj\led.o
 .debug_aranges
                0x000001a8       0x28 ..\obj\startup_stm32f4xx.o
 .debug_aranges
                0x000001d0       0x40 ..\obj\MadgwickAHRS.o
 .debug_aranges
                0x00000210       0x40 ..\obj\main.o
 .debug_aranges
                0x00000250      0x178 ..\obj\stm32f4xx_rcc.o
 .debug_aranges
                0x000003c8       0x30 ..\obj\hmc5883.o
 .debug_aranges
                0x000003f8      0x148 ..\obj\stm32f4xx_adc.o
 .debug_aranges
                0x00000540       0x40 ..\obj\analog_drv.o
 .debug_aranges
                0x00000580       0x58 ..\obj\i2c_bus.o
 .debug_aranges
                0x000005d8       0xa0 ..\obj\at45db161.o
 .debug_aranges
                0x00000678       0x88 ..\obj\stm32f4xx_gpio.o
 .debug_aranges
                0x00000700       0x50 ..\obj\uart_log.o
 .debug_aranges
                0x00000750       0x30 ..\obj\system_stm32f4xx.o
 .debug_aranges
                0x00000780       0x28 ..\obj\pwm_driver.o
 .debug_aranges
                0x000007a8       0x70 ..\obj\a7105_drv.o
 .debug_aranges
                0x00000818       0xe0 ..\obj\stm32f4xx_spi.o
 .debug_aranges
                0x000008f8       0x38 ..\obj\cbuff.o
 .debug_aranges
                0x00000930      0x120 ..\obj\stm32f4xx_i2c.o
 .debug_aranges
                0x00000a50       0x58 ..\obj\stm32f4xx_exti.o
 .debug_aranges
                0x00000aa8       0x28 ..\obj\spi_bus.o
 .debug_aranges
                0x00000ad0       0x40 ..\obj\misc.o
 .debug_aranges
                0x00000b10       0x40 ..\obj\MPU6050.o
 .debug_aranges
                0x00000b50       0x38 ..\obj\wake.o
 .debug_aranges
                0x00000b88       0x50 ..\obj\pid.o
 .debug_aranges
                0x00000bd8      0x2f8 ..\obj\stm32f4xx_tim.o

.debug_ranges   0x00000000      0xd10
 .debug_ranges  0x00000000       0x38 ..\obj\stm32f4xx_syscfg.o
 .debug_ranges  0x00000038       0xf0 ..\obj\stm32f4xx_usart.o
 .debug_ranges  0x00000128       0x18 ..\obj\bmp180.o
 .debug_ranges  0x00000140       0x28 ..\obj\led.o
 .debug_ranges  0x00000168       0x18 ..\obj\startup_stm32f4xx.o
 .debug_ranges  0x00000180       0x30 ..\obj\MadgwickAHRS.o
 .debug_ranges  0x000001b0       0x30 ..\obj\main.o
 .debug_ranges  0x000001e0      0x168 ..\obj\stm32f4xx_rcc.o
 .debug_ranges  0x00000348       0x20 ..\obj\hmc5883.o
 .debug_ranges  0x00000368      0x138 ..\obj\stm32f4xx_adc.o
 .debug_ranges  0x000004a0       0x30 ..\obj\analog_drv.o
 .debug_ranges  0x000004d0       0x48 ..\obj\i2c_bus.o
 .debug_ranges  0x00000518       0x90 ..\obj\at45db161.o
 .debug_ranges  0x000005a8       0x78 ..\obj\stm32f4xx_gpio.o
 .debug_ranges  0x00000620       0x40 ..\obj\uart_log.o
 .debug_ranges  0x00000660       0x20 ..\obj\system_stm32f4xx.o
 .debug_ranges  0x00000680       0x18 ..\obj\pwm_driver.o
 .debug_ranges  0x00000698       0x60 ..\obj\a7105_drv.o
 .debug_ranges  0x000006f8       0xd0 ..\obj\stm32f4xx_spi.o
 .debug_ranges  0x000007c8       0x28 ..\obj\cbuff.o
 .debug_ranges  0x000007f0      0x110 ..\obj\stm32f4xx_i2c.o
 .debug_ranges  0x00000900       0x48 ..\obj\stm32f4xx_exti.o
 .debug_ranges  0x00000948       0x18 ..\obj\spi_bus.o
 .debug_ranges  0x00000960       0x30 ..\obj\misc.o
 .debug_ranges  0x00000990       0x30 ..\obj\MPU6050.o
 .debug_ranges  0x000009c0       0x28 ..\obj\wake.o
 .debug_ranges  0x000009e8       0x40 ..\obj\pid.o
 .debug_ranges  0x00000a28      0x2e8 ..\obj\stm32f4xx_tim.o

.debug_line     0x00000000     0x511b
 .debug_line    0x00000000      0x1cc ..\obj\stm32f4xx_syscfg.o
 .debug_line    0x000001cc      0x45c ..\obj\stm32f4xx_usart.o
 .debug_line    0x00000628      0x121 ..\obj\bmp180.o
 .debug_line    0x00000749      0x251 ..\obj\led.o
 .debug_line    0x0000099a       0xa5 ..\obj\startup_stm32f4xx.o
 .debug_line    0x00000a3f      0x1d6 ..\obj\MadgwickAHRS.o
 .debug_line    0x00000c15      0x381 ..\obj\main.o
 .debug_line    0x00000f96      0x554 ..\obj\stm32f4xx_rcc.o
 .debug_line    0x000014ea      0x10f ..\obj\hmc5883.o
 .debug_line    0x000015f9      0x50c ..\obj\stm32f4xx_adc.o
 .debug_line    0x00001b05      0x28c ..\obj\analog_drv.o
 .debug_line    0x00001d91      0x297 ..\obj\i2c_bus.o
 .debug_line    0x00002028      0x3d5 ..\obj\at45db161.o
 .debug_line    0x000023fd      0x2f7 ..\obj\stm32f4xx_gpio.o
 .debug_line    0x000026f4      0x30b ..\obj\uart_log.o
 .debug_line    0x000029ff      0x1e7 ..\obj\system_stm32f4xx.o
 .debug_line    0x00002be6      0x1f1 ..\obj\pwm_driver.o
 .debug_line    0x00002dd7      0x351 ..\obj\a7105_drv.o
 .debug_line    0x00003128      0x40c ..\obj\stm32f4xx_spi.o
 .debug_line    0x00003534       0xe1 ..\obj\cbuff.o
 .debug_line    0x00003615      0x494 ..\obj\stm32f4xx_i2c.o
 .debug_line    0x00003aa9      0x25d ..\obj\stm32f4xx_exti.o
 .debug_line    0x00003d06      0x1f8 ..\obj\spi_bus.o
 .debug_line    0x00003efe      0x1fd ..\obj\misc.o
 .debug_line    0x000040fb      0x204 ..\obj\MPU6050.o
 .debug_line    0x000042ff      0x156 ..\obj\wake.o
 .debug_line    0x00004455      0x295 ..\obj\pid.o
 .debug_line    0x000046ea      0xa31 ..\obj\stm32f4xx_tim.o

.debug_str      0x00000000     0x4603
 .debug_str     0x00000000      0x250 ..\obj\stm32f4xx_syscfg.o
                                0x29d (size before relaxing)
 .debug_str     0x00000250      0x4e3 ..\obj\stm32f4xx_usart.o
                                0x62d (size before relaxing)
 .debug_str     0x00000733       0xb9 ..\obj\bmp180.o
                                0x144 (size before relaxing)
 .debug_str     0x000007ec      0x1fd ..\obj\led.o
                                0x300 (size before relaxing)
 .debug_str     0x000009e9       0xb4 ..\obj\startup_stm32f4xx.o
                                0x11c (size before relaxing)
 .debug_str     0x00000a9d      0x17f ..\obj\MadgwickAHRS.o
                                0x26d (size before relaxing)
 .debug_str     0x00000c1c      0x4e5 ..\obj\main.o
                                0x726 (size before relaxing)
 .debug_str     0x00001101      0x5e7 ..\obj\stm32f4xx_rcc.o
                                0x7ee (size before relaxing)
 .debug_str     0x000016e8      0x102 ..\obj\hmc5883.o
                                0x25e (size before relaxing)
 .debug_str     0x000017ea      0x63e ..\obj\stm32f4xx_adc.o
                                0x7a2 (size before relaxing)
 .debug_str     0x00001e28       0xa1 ..\obj\analog_drv.o
                                0x4bd (size before relaxing)
 .debug_str     0x00001ec9      0x178 ..\obj\i2c_bus.o
                                0x467 (size before relaxing)
 .debug_str     0x00002041      0x1cd ..\obj\at45db161.o
                                0x302 (size before relaxing)
 .debug_str     0x0000220e      0x191 ..\obj\stm32f4xx_gpio.o
                                0x441 (size before relaxing)
 .debug_str     0x0000239f      0x699 ..\obj\uart_log.o
                                0xa4d (size before relaxing)
 .debug_str     0x00002a38      0x11c ..\obj\system_stm32f4xx.o
                                0x348 (size before relaxing)
 .debug_str     0x00002b54      0x175 ..\obj\pwm_driver.o
                                0x4f5 (size before relaxing)
 .debug_str     0x00002cc9      0x181 ..\obj\a7105_drv.o
                                0x43c (size before relaxing)
 .debug_str     0x00002e4a      0x39d ..\obj\stm32f4xx_spi.o
                                0x628 (size before relaxing)
 .debug_str     0x000031e7       0x5d ..\obj\cbuff.o
                                 0xcd (size before relaxing)
 .debug_str     0x00003244      0x337 ..\obj\stm32f4xx_i2c.o
                                0x603 (size before relaxing)
 .debug_str     0x0000357b      0x1d1 ..\obj\stm32f4xx_exti.o
                                0x30c (size before relaxing)
 .debug_str     0x0000374c       0x7a ..\obj\spi_bus.o
                                0x42e (size before relaxing)
 .debug_str     0x000037c6      0x15e ..\obj\misc.o
                                0x377 (size before relaxing)
 .debug_str     0x00003924      0x188 ..\obj\MPU6050.o
                                0x377 (size before relaxing)
 .debug_str     0x00003aac       0x81 ..\obj\wake.o
                                 0xf9 (size before relaxing)
 .debug_str     0x00003b2d       0xd4 ..\obj\pid.o
                                0x909 (size before relaxing)
 .debug_str     0x00003c01      0xa02 ..\obj\stm32f4xx_tim.o
                                0xd6e (size before relaxing)

.comment        0x00000000       0x70
 .comment       0x00000000       0x70 ..\obj\stm32f4xx_syscfg.o
                                 0x71 (size before relaxing)
 .comment       0x00000000       0x71 ..\obj\stm32f4xx_usart.o
 .comment       0x00000000       0x71 ..\obj\bmp180.o
 .comment       0x00000000       0x71 ..\obj\led.o
 .comment       0x00000000       0x71 ..\obj\startup_stm32f4xx.o
 .comment       0x00000000       0x71 ..\obj\MadgwickAHRS.o
 .comment       0x00000000       0x71 ..\obj\main.o
 .comment       0x00000000       0x71 ..\obj\stm32f4xx_rcc.o
 .comment       0x00000000       0x71 ..\obj\hmc5883.o
 .comment       0x00000000       0x71 ..\obj\stm32f4xx_adc.o
 .comment       0x00000000       0x71 ..\obj\analog_drv.o
 .comment       0x00000000       0x71 ..\obj\i2c_bus.o
 .comment       0x00000000       0x71 ..\obj\at45db161.o
 .comment       0x00000000       0x71 ..\obj\stm32f4xx_gpio.o
 .comment       0x00000000       0x71 ..\obj\uart_log.o
 .comment       0x00000000       0x71 ..\obj\system_stm32f4xx.o
 .comment       0x00000000       0x71 ..\obj\pwm_driver.o
 .comment       0x00000000       0x71 ..\obj\a7105_drv.o
 .comment       0x00000000       0x71 ..\obj\stm32f4xx_spi.o
 .comment       0x00000000       0x71 ..\obj\cbuff.o
 .comment       0x00000000       0x71 ..\obj\stm32f4xx_i2c.o
 .comment       0x00000000       0x71 ..\obj\stm32f4xx_exti.o
 .comment       0x00000000       0x71 ..\obj\spi_bus.o
 .comment       0x00000000       0x71 ..\obj\misc.o
 .comment       0x00000000       0x71 ..\obj\MPU6050.o
 .comment       0x00000000       0x71 ..\obj\wake.o
 .comment       0x00000000       0x71 ..\obj\pid.o
 .comment       0x00000000       0x71 ..\obj\stm32f4xx_tim.o

.ARM.attributes
                0x00000000       0x33
 .ARM.attributes
                0x00000000       0x33 ..\obj\stm32f4xx_syscfg.o
 .ARM.attributes
                0x00000033       0x33 ..\obj\stm32f4xx_usart.o
 .ARM.attributes
                0x00000066       0x33 ..\obj\bmp180.o
 .ARM.attributes
                0x00000099       0x33 ..\obj\led.o
 .ARM.attributes
                0x000000cc       0x33 ..\obj\startup_stm32f4xx.o
 .ARM.attributes
                0x000000ff       0x33 ..\obj\MadgwickAHRS.o
 .ARM.attributes
                0x00000132       0x33 ..\obj\main.o
 .ARM.attributes
                0x00000165       0x33 ..\obj\stm32f4xx_rcc.o
 .ARM.attributes
                0x00000198       0x33 ..\obj\hmc5883.o
 .ARM.attributes
                0x000001cb       0x33 ..\obj\stm32f4xx_adc.o
 .ARM.attributes
                0x000001fe       0x33 ..\obj\analog_drv.o
 .ARM.attributes
                0x00000231       0x33 ..\obj\i2c_bus.o
 .ARM.attributes
                0x00000264       0x33 ..\obj\at45db161.o
 .ARM.attributes
                0x00000297       0x33 ..\obj\stm32f4xx_gpio.o
 .ARM.attributes
                0x000002ca       0x33 ..\obj\uart_log.o
 .ARM.attributes
                0x000002fd       0x33 ..\obj\system_stm32f4xx.o
 .ARM.attributes
                0x00000330       0x33 ..\obj\pwm_driver.o
 .ARM.attributes
                0x00000363       0x33 ..\obj\a7105_drv.o
 .ARM.attributes
                0x00000396       0x33 ..\obj\stm32f4xx_spi.o
 .ARM.attributes
                0x000003c9       0x33 ..\obj\cbuff.o
 .ARM.attributes
                0x000003fc       0x33 ..\obj\stm32f4xx_i2c.o
 .ARM.attributes
                0x0000042f       0x33 ..\obj\stm32f4xx_exti.o
 .ARM.attributes
                0x00000462       0x33 ..\obj\spi_bus.o
 .ARM.attributes
                0x00000495       0x33 ..\obj\misc.o
 .ARM.attributes
                0x000004c8       0x33 ..\obj\MPU6050.o
 .ARM.attributes
                0x000004fb       0x33 ..\obj\wake.o
 .ARM.attributes
                0x0000052e       0x33 ..\obj\pid.o
 .ARM.attributes
                0x00000561       0x33 ..\obj\stm32f4xx_tim.o
 .ARM.attributes
                0x00000594       0x2d C:\CooCox\gcc\arm-none-eabi\lib\armv7-m\libm.a(lib_a-s_cos.o)
 .ARM.attributes
                0x000005c1       0x2d C:\CooCox\gcc\arm-none-eabi\lib\armv7-m\libm.a(lib_a-s_sin.o)
 .ARM.attributes
                0x000005ee       0x2d C:\CooCox\gcc\arm-none-eabi\lib\armv7-m\libm.a(lib_a-w_asin.o)
 .ARM.attributes
                0x0000061b       0x2d C:\CooCox\gcc\arm-none-eabi\lib\armv7-m\libm.a(lib_a-w_atan2.o)
 .ARM.attributes
                0x00000648       0x2d C:\CooCox\gcc\arm-none-eabi\lib\armv7-m\libm.a(lib_a-w_sqrt.o)
 .ARM.attributes
                0x00000675       0x2d C:\CooCox\gcc\arm-none-eabi\lib\armv7-m\libm.a(lib_a-e_asin.o)
 .ARM.attributes
                0x000006a2       0x2d C:\CooCox\gcc\arm-none-eabi\lib\armv7-m\libm.a(lib_a-e_atan2.o)
 .ARM.attributes
                0x000006cf       0x2d C:\CooCox\gcc\arm-none-eabi\lib\armv7-m\libm.a(lib_a-e_rem_pio2.o)
 .ARM.attributes
                0x000006fc       0x2d C:\CooCox\gcc\arm-none-eabi\lib\armv7-m\libm.a(lib_a-e_sqrt.o)
 .ARM.attributes
                0x00000729       0x2d C:\CooCox\gcc\arm-none-eabi\lib\armv7-m\libm.a(lib_a-k_cos.o)
 .ARM.attributes
                0x00000756       0x2d C:\CooCox\gcc\arm-none-eabi\lib\armv7-m\libm.a(lib_a-k_rem_pio2.o)
 .ARM.attributes
                0x00000783       0x2d C:\CooCox\gcc\arm-none-eabi\lib\armv7-m\libm.a(lib_a-k_sin.o)
 .ARM.attributes
                0x000007b0       0x2d C:\CooCox\gcc\arm-none-eabi\lib\armv7-m\libm.a(lib_a-s_atan.o)
 .ARM.attributes
                0x000007dd       0x2d C:\CooCox\gcc\arm-none-eabi\lib\armv7-m\libm.a(lib_a-s_fabs.o)
 .ARM.attributes
                0x0000080a       0x2d C:\CooCox\gcc\arm-none-eabi\lib\armv7-m\libm.a(lib_a-s_floor.o)
 .ARM.attributes
                0x00000837       0x2d C:\CooCox\gcc\arm-none-eabi\lib\armv7-m\libm.a(lib_a-s_fpclassify.o)
 .ARM.attributes
                0x00000864       0x2d C:\CooCox\gcc\arm-none-eabi\lib\armv7-m\libm.a(lib_a-s_lib_ver.o)
 .ARM.attributes
                0x00000891       0x2d C:\CooCox\gcc\arm-none-eabi\lib\armv7-m\libm.a(lib_a-s_matherr.o)
 .ARM.attributes
                0x000008be       0x2d C:\CooCox\gcc\arm-none-eabi\lib\armv7-m\libm.a(lib_a-s_nan.o)
 .ARM.attributes
                0x000008eb       0x2d C:\CooCox\gcc\arm-none-eabi\lib\armv7-m\libm.a(lib_a-s_scalbn.o)
 .ARM.attributes
                0x00000918       0x2d C:\CooCox\gcc\arm-none-eabi\lib\armv7-m\libm.a(lib_a-s_copysign.o)
 .ARM.attributes
                0x00000945       0x1e c:/coocox/gcc/bin/../lib/gcc/arm-none-eabi/4.6.2/armv7e-m\libgcc.a(_arm_addsubdf3.o)
 .ARM.attributes
                0x00000963       0x1e c:/coocox/gcc/bin/../lib/gcc/arm-none-eabi/4.6.2/armv7e-m\libgcc.a(_arm_muldivdf3.o)
 .ARM.attributes
                0x00000981       0x1e c:/coocox/gcc/bin/../lib/gcc/arm-none-eabi/4.6.2/armv7e-m\libgcc.a(_arm_cmpdf2.o)
 .ARM.attributes
                0x0000099f       0x1e c:/coocox/gcc/bin/../lib/gcc/arm-none-eabi/4.6.2/armv7e-m\libgcc.a(_arm_fixdfsi.o)
 .ARM.attributes
                0x000009bd       0x1e c:/coocox/gcc/bin/../lib/gcc/arm-none-eabi/4.6.2/armv7e-m\libgcc.a(_arm_truncdfsf2.o)
 .ARM.attributes
                0x000009db       0x1e c:/coocox/gcc/bin/../lib/gcc/arm-none-eabi/4.6.2/armv7e-m\libgcc.a(_arm_addsubsf3.o)
 .ARM.attributes
                0x000009f9       0x1e c:/coocox/gcc/bin/../lib/gcc/arm-none-eabi/4.6.2/armv7e-m\libgcc.a(_arm_muldivsf3.o)
 .ARM.attributes
                0x00000a17       0x1e c:/coocox/gcc/bin/../lib/gcc/arm-none-eabi/4.6.2/armv7e-m\libgcc.a(_arm_cmpsf2.o)
 .ARM.attributes
                0x00000a35       0x1e c:/coocox/gcc/bin/../lib/gcc/arm-none-eabi/4.6.2/armv7e-m\libgcc.a(_arm_fixsfsi.o)
 .ARM.attributes
                0x00000a53       0x2d C:\CooCox\gcc\arm-none-eabi\lib\armv7-m\libg.a(lib_a-errno.o)
 .ARM.attributes
                0x00000a80       0x2d C:\CooCox\gcc\arm-none-eabi\lib\armv7-m\libg.a(lib_a-impure.o)

.debug_frame    0x00000000     0x31a8
 .debug_frame   0x00000000       0xbc ..\obj\stm32f4xx_syscfg.o
 .debug_frame   0x000000bc      0x344 ..\obj\stm32f4xx_usart.o
 .debug_frame   0x00000400       0x50 ..\obj\bmp180.o
 .debug_frame   0x00000450       0x90 ..\obj\led.o
 .debug_frame   0x000004e0       0x48 ..\obj\startup_stm32f4xx.o
 .debug_frame   0x00000528       0xb8 ..\obj\MadgwickAHRS.o
 .debug_frame   0x000005e0       0xb0 ..\obj\main.o
 .debug_frame   0x00000690      0x4d8 ..\obj\stm32f4xx_rcc.o
 .debug_frame   0x00000b68       0x78 ..\obj\hmc5883.o
 .debug_frame   0x00000be0      0x434 ..\obj\stm32f4xx_adc.o
 .debug_frame   0x00001014       0xa8 ..\obj\analog_drv.o
 .debug_frame   0x000010bc      0x110 ..\obj\i2c_bus.o
 .debug_frame   0x000011cc      0x21c ..\obj\at45db161.o
 .debug_frame   0x000013e8      0x19c ..\obj\stm32f4xx_gpio.o
 .debug_frame   0x00001584       0xf0 ..\obj\uart_log.o
 .debug_frame   0x00001674       0x64 ..\obj\system_stm32f4xx.o
 .debug_frame   0x000016d8       0x50 ..\obj\pwm_driver.o
 .debug_frame   0x00001728      0x16c ..\obj\a7105_drv.o
 .debug_frame   0x00001894      0x2d0 ..\obj\stm32f4xx_spi.o
 .debug_frame   0x00001b64       0x88 ..\obj\cbuff.o
 .debug_frame   0x00001bec      0x3b4 ..\obj\stm32f4xx_i2c.o
 .debug_frame   0x00001fa0       0xec ..\obj\stm32f4xx_exti.o
 .debug_frame   0x0000208c       0x50 ..\obj\spi_bus.o
 .debug_frame   0x000020dc       0x9c ..\obj\misc.o
 .debug_frame   0x00002178       0xbc ..\obj\MPU6050.o
 .debug_frame   0x00002234       0x88 ..\obj\wake.o
 .debug_frame   0x000022bc       0xe4 ..\obj\pid.o
 .debug_frame   0x000023a0      0xa3c ..\obj\stm32f4xx_tim.o
 .debug_frame   0x00002ddc       0x2c C:\CooCox\gcc\arm-none-eabi\lib\armv7-m\libm.a(lib_a-s_cos.o)
 .debug_frame   0x00002e08       0x2c C:\CooCox\gcc\arm-none-eabi\lib\armv7-m\libm.a(lib_a-s_sin.o)
 .debug_frame   0x00002e34       0x34 C:\CooCox\gcc\arm-none-eabi\lib\armv7-m\libm.a(lib_a-w_asin.o)
 .debug_frame   0x00002e68       0x20 C:\CooCox\gcc\arm-none-eabi\lib\armv7-m\libm.a(lib_a-w_atan2.o)
 .debug_frame   0x00002e88       0x38 C:\CooCox\gcc\arm-none-eabi\lib\armv7-m\libm.a(lib_a-w_sqrt.o)
 .debug_frame   0x00002ec0       0x38 C:\CooCox\gcc\arm-none-eabi\lib\armv7-m\libm.a(lib_a-e_asin.o)
 .debug_frame   0x00002ef8       0x38 C:\CooCox\gcc\arm-none-eabi\lib\armv7-m\libm.a(lib_a-e_atan2.o)
 .debug_frame   0x00002f30       0x38 C:\CooCox\gcc\arm-none-eabi\lib\armv7-m\libm.a(lib_a-e_rem_pio2.o)
 .debug_frame   0x00002f68       0x34 C:\CooCox\gcc\arm-none-eabi\lib\armv7-m\libm.a(lib_a-e_sqrt.o)
 .debug_frame   0x00002f9c       0x38 C:\CooCox\gcc\arm-none-eabi\lib\armv7-m\libm.a(lib_a-k_cos.o)
 .debug_frame   0x00002fd4       0x3c C:\CooCox\gcc\arm-none-eabi\lib\armv7-m\libm.a(lib_a-k_rem_pio2.o)
 .debug_frame   0x00003010       0x38 C:\CooCox\gcc\arm-none-eabi\lib\armv7-m\libm.a(lib_a-k_sin.o)
 .debug_frame   0x00003048       0x38 C:\CooCox\gcc\arm-none-eabi\lib\armv7-m\libm.a(lib_a-s_atan.o)
 .debug_frame   0x00003080       0x20 C:\CooCox\gcc\arm-none-eabi\lib\armv7-m\libm.a(lib_a-s_fabs.o)
 .debug_frame   0x000030a0       0x34 C:\CooCox\gcc\arm-none-eabi\lib\armv7-m\libm.a(lib_a-s_floor.o)
 .debug_frame   0x000030d4       0x20 C:\CooCox\gcc\arm-none-eabi\lib\armv7-m\libm.a(lib_a-s_fpclassify.o)
 .debug_frame   0x000030f4       0x20 C:\CooCox\gcc\arm-none-eabi\lib\armv7-m\libm.a(lib_a-s_matherr.o)
 .debug_frame   0x00003114       0x20 C:\CooCox\gcc\arm-none-eabi\lib\armv7-m\libm.a(lib_a-s_nan.o)
 .debug_frame   0x00003134       0x2c C:\CooCox\gcc\arm-none-eabi\lib\armv7-m\libm.a(lib_a-s_scalbn.o)
 .debug_frame   0x00003160       0x28 C:\CooCox\gcc\arm-none-eabi\lib\armv7-m\libm.a(lib_a-s_copysign.o)
 .debug_frame   0x00003188       0x20 C:\CooCox\gcc\arm-none-eabi\lib\armv7-m\libg.a(lib_a-errno.o)
